---
source: tests/golden_json.rs
expression: report
input_file: tests/fixtures/rocky9-journal-live-vm-short.log
---
--- why --format json exit 0 ---
{
  "schema": 1,
  "action": "why",
  "diagnostics": [
    {
      "line": null,
      "msg": "new file: none recommended (rules.d/ not read: --no-conf, legacy fapolicyd.rules, or unreadable)"
    },
    {
      "line": null,
      "msg": "6 untrusted path(s) need a trust entry, not a rule: run rulesteward fapolicyd trust on the same input"
    },
    {
      "line": null,
      "msg": "18 denial(s) need a rule, not a trust entry: run rulesteward fapolicyd rules on the same input"
    }
  ],
  "entries": [
    {
      "rule": 5,
      "file": null,
      "text": null,
      "denials": 22,
      "subject_side": null,
      "rules": 18,
      "trust": 4
    },
    {
      "rule": 8,
      "file": null,
      "text": null,
      "denials": 1,
      "subject_side": null,
      "rules": 0,
      "trust": 1
    },
    {
      "rule": 13,
      "file": null,
      "text": null,
      "denials": 1,
      "subject_side": null,
      "rules": 0,
      "trust": 1
    }
  ]
}
--- stderr ---
--- rules --format json exit 0 ---
{
  "schema": 1,
  "action": "rules",
  "diagnostics": [
    {
      "line": 53,
      "msg": "exe= is stale: pid 75414 was denied perm=execute of /usr/lib64/ld-linux-x86-64.so.2, and the daemon keeps the pre-exec image until that exec is permitted; the emitted rule is scoped to exe=/usr/lib64/ld-linux-x86-64.so.2 and not to the logged exe=/usr/sbin/runuser (x16)"
    },
    {
      "line": null,
      "msg": "new file: none recommended (rules.d/ not read: --no-conf, legacy fapolicyd.rules, or unreadable)"
    },
    {
      "line": null,
      "msg": "6 untrusted path(s) need a trust entry, not a rule: run rulesteward fapolicyd trust on the same input"
    }
  ],
  "entries": [
    {
      "decision": "allow",
      "perm": "execute",
      "exe": "/usr/sbin/runuser",
      "path": "/usr/lib64/ld-linux-x86-64.so.2",
      "dir": null,
      "replaced": [],
      "text": "allow perm=execute exe=/usr/sbin/runuser : path=/usr/lib64/ld-linux-x86-64.so.2"
    },
    {
      "decision": "allow",
      "perm": "open",
      "exe": "/usr/sbin/runuser",
      "path": "/usr/lib64/ld-linux-x86-64.so.2",
      "dir": null,
      "replaced": [],
      "text": "allow perm=open exe=/usr/sbin/runuser : path=/usr/lib64/ld-linux-x86-64.so.2"
    },
    {
      "decision": "allow",
      "perm": "open",
      "exe": "/usr/lib64/ld-linux-x86-64.so.2",
      "path": "/usr/bin/grep",
      "dir": null,
      "replaced": [],
      "text": "allow perm=open exe=/usr/lib64/ld-linux-x86-64.so.2 : path=/usr/bin/grep"
    },
    {
      "decision": "allow",
      "perm": "open",
      "exe": "/usr/lib64/ld-linux-x86-64.so.2",
      "path": "/usr/lib64/libpcre.so.1.2.12",
      "dir": null,
      "replaced": [],
      "text": "allow perm=open exe=/usr/lib64/ld-linux-x86-64.so.2 : path=/usr/lib64/libpcre.so.1.2.12"
    },
    {
      "decision": "allow",
      "perm": "open",
      "exe": "/usr/lib64/ld-linux-x86-64.so.2",
      "path": "/usr/lib64/libsigsegv.so.2.0.6",
      "dir": null,
      "replaced": [],
      "text": "allow perm=open exe=/usr/lib64/ld-linux-x86-64.so.2 : path=/usr/lib64/libsigsegv.so.2.0.6"
    },
    {
      "decision": "allow",
      "perm": "open",
      "exe": "/usr/lib64/ld-linux-x86-64.so.2",
      "path": "/usr/lib64/libc.so.6",
      "dir": null,
      "replaced": [],
      "text": "allow perm=open exe=/usr/lib64/ld-linux-x86-64.so.2 : path=/usr/lib64/libc.so.6"
    },
    {
      "decision": "allow",
      "perm": "open",
      "exe": "/usr/lib64/ld-linux-x86-64.so.2",
      "path": "/usr/lib/locale/en_US.utf8/LC_IDENTIFICATION",
      "dir": null,
      "replaced": [],
      "text": "allow perm=open exe=/usr/lib64/ld-linux-x86-64.so.2 : path=/usr/lib/locale/en_US.utf8/LC_IDENTIFICATION"
    },
    {
      "decision": "allow",
      "perm": "open",
      "exe": "/usr/lib64/ld-linux-x86-64.so.2",
      "path": "/usr/lib/locale/en_US.utf8/LC_MEASUREMENT",
      "dir": null,
      "replaced": [],
      "text": "allow perm=open exe=/usr/lib64/ld-linux-x86-64.so.2 : path=/usr/lib/locale/en_US.utf8/LC_MEASUREMENT"
    },
    {
      "decision": "allow",
      "perm": "open",
      "exe": "/usr/lib64/ld-linux-x86-64.so.2",
      "path": "/usr/lib/locale/en_US.utf8/LC_TELEPHONE",
      "dir": null,
      "replaced": [],
      "text": "allow perm=open exe=/usr/lib64/ld-linux-x86-64.so.2 : path=/usr/lib/locale/en_US.utf8/LC_TELEPHONE"
    },
    {
      "decision": "allow",
      "perm": "open",
      "exe": "/usr/lib64/ld-linux-x86-64.so.2",
      "path": "/usr/lib/locale/en_US.utf8/LC_ADDRESS",
      "dir": null,
      "replaced": [],
      "text": "allow perm=open exe=/usr/lib64/ld-linux-x86-64.so.2 : path=/usr/lib/locale/en_US.utf8/LC_ADDRESS"
    },
    {
      "decision": "allow",
      "perm": "open",
      "exe": "/usr/lib64/ld-linux-x86-64.so.2",
      "path": "/usr/lib/locale/en_US.utf8/LC_NAME",
      "dir": null,
      "replaced": [],
      "text": "allow perm=open exe=/usr/lib64/ld-linux-x86-64.so.2 : path=/usr/lib/locale/en_US.utf8/LC_NAME"
    },
    {
      "decision": "allow",
      "perm": "open",
      "exe": "/usr/lib64/ld-linux-x86-64.so.2",
      "path": "/usr/lib/locale/en_US.utf8/LC_PAPER",
      "dir": null,
      "replaced": [],
      "text": "allow perm=open exe=/usr/lib64/ld-linux-x86-64.so.2 : path=/usr/lib/locale/en_US.utf8/LC_PAPER"
    },
    {
      "decision": "allow",
      "perm": "open",
      "exe": "/usr/lib64/ld-linux-x86-64.so.2",
      "path": "/usr/lib/locale/en_US.utf8/LC_MESSAGES/SYS_LC_MESSAGES",
      "dir": null,
      "replaced": [],
      "text": "allow perm=open exe=/usr/lib64/ld-linux-x86-64.so.2 : path=/usr/lib/locale/en_US.utf8/LC_MESSAGES/SYS_LC_MESSAGES"
    },
    {
      "decision": "allow",
      "perm": "open",
      "exe": "/usr/lib64/ld-linux-x86-64.so.2",
      "path": "/usr/lib/locale/en_US.utf8/LC_MONETARY",
      "dir": null,
      "replaced": [],
      "text": "allow perm=open exe=/usr/lib64/ld-linux-x86-64.so.2 : path=/usr/lib/locale/en_US.utf8/LC_MONETARY"
    },
    {
      "decision": "allow",
      "perm": "open",
      "exe": "/usr/lib64/ld-linux-x86-64.so.2",
      "path": "/usr/lib/locale/en_US.utf8/LC_COLLATE",
      "dir": null,
      "replaced": [],
      "text": "allow perm=open exe=/usr/lib64/ld-linux-x86-64.so.2 : path=/usr/lib/locale/en_US.utf8/LC_COLLATE"
    },
    {
      "decision": "allow",
      "perm": "open",
      "exe": "/usr/lib64/ld-linux-x86-64.so.2",
      "path": "/usr/lib/locale/en_US.utf8/LC_TIME",
      "dir": null,
      "replaced": [],
      "text": "allow perm=open exe=/usr/lib64/ld-linux-x86-64.so.2 : path=/usr/lib/locale/en_US.utf8/LC_TIME"
    },
    {
      "decision": "allow",
      "perm": "open",
      "exe": "/usr/lib64/ld-linux-x86-64.so.2",
      "path": "/usr/lib/locale/en_US.utf8/LC_NUMERIC",
      "dir": null,
      "replaced": [],
      "text": "allow perm=open exe=/usr/lib64/ld-linux-x86-64.so.2 : path=/usr/lib/locale/en_US.utf8/LC_NUMERIC"
    },
    {
      "decision": "allow",
      "perm": "open",
      "exe": "/usr/lib64/ld-linux-x86-64.so.2",
      "path": "/usr/lib/locale/C.utf8/LC_CTYPE",
      "dir": null,
      "replaced": [],
      "text": "allow perm=open exe=/usr/lib64/ld-linux-x86-64.so.2 : path=/usr/lib/locale/C.utf8/LC_CTYPE"
    }
  ]
}
--- stderr ---
--- rules --dir-min 2 --format json exit 0 ---
{
  "schema": 1,
  "action": "rules",
  "diagnostics": [
    {
      "line": 53,
      "msg": "exe= is stale: pid 75414 was denied perm=execute of /usr/lib64/ld-linux-x86-64.so.2, and the daemon keeps the pre-exec image until that exec is permitted; the emitted rule is scoped to exe=/usr/lib64/ld-linux-x86-64.so.2 and not to the logged exe=/usr/sbin/runuser (x16)"
    },
    {
      "line": null,
      "msg": "dir=/usr/lib/locale/en_US.utf8/ replaces 10 rules and allows every path under that directory, which is more than this log showed: /usr/lib/locale/en_US.utf8/LC_IDENTIFICATION /usr/lib/locale/en_US.utf8/LC_MEASUREMENT /usr/lib/locale/en_US.utf8/LC_TELEPHONE /usr/lib/locale/en_US.utf8/LC_ADDRESS /usr/lib/locale/en_US.utf8/LC_NAME /usr/lib/locale/en_US.utf8/LC_PAPER /usr/lib/locale/en_US.utf8/LC_MONETARY /usr/lib/locale/en_US.utf8/LC_COLLATE /usr/lib/locale/en_US.utf8/LC_TIME /usr/lib/locale/en_US.utf8/LC_NUMERIC"
    },
    {
      "line": null,
      "msg": "new file: none recommended (rules.d/ not read: --no-conf, legacy fapolicyd.rules, or unreadable)"
    },
    {
      "line": null,
      "msg": "6 untrusted path(s) need a trust entry, not a rule: run rulesteward fapolicyd trust on the same input"
    }
  ],
  "entries": [
    {
      "decision": "allow",
      "perm": "execute",
      "exe": "/usr/sbin/runuser",
      "path": "/usr/lib64/ld-linux-x86-64.so.2",
      "dir": null,
      "replaced": [],
      "text": "allow perm=execute exe=/usr/sbin/runuser : path=/usr/lib64/ld-linux-x86-64.so.2"
    },
    {
      "decision": "allow",
      "perm": "open",
      "exe": "/usr/sbin/runuser",
      "path": "/usr/lib64/ld-linux-x86-64.so.2",
      "dir": null,
      "replaced": [],
      "text": "allow perm=open exe=/usr/sbin/runuser : path=/usr/lib64/ld-linux-x86-64.so.2"
    },
    {
      "decision": "allow",
      "perm": "open",
      "exe": "/usr/lib64/ld-linux-x86-64.so.2",
      "path": "/usr/bin/grep",
      "dir": null,
      "replaced": [],
      "text": "allow perm=open exe=/usr/lib64/ld-linux-x86-64.so.2 : path=/usr/bin/grep"
    },
    {
      "decision": "allow",
      "perm": "open",
      "exe": "/usr/lib64/ld-linux-x86-64.so.2",
      "path": "/usr/lib64/libpcre.so.1.2.12",
      "dir": null,
      "replaced": [],
      "text": "allow perm=open exe=/usr/lib64/ld-linux-x86-64.so.2 : path=/usr/lib64/libpcre.so.1.2.12"
    },
    {
      "decision": "allow",
      "perm": "open",
      "exe": "/usr/lib64/ld-linux-x86-64.so.2",
      "path": "/usr/lib64/libsigsegv.so.2.0.6",
      "dir": null,
      "replaced": [],
      "text": "allow perm=open exe=/usr/lib64/ld-linux-x86-64.so.2 : path=/usr/lib64/libsigsegv.so.2.0.6"
    },
    {
      "decision": "allow",
      "perm": "open",
      "exe": "/usr/lib64/ld-linux-x86-64.so.2",
      "path": "/usr/lib64/libc.so.6",
      "dir": null,
      "replaced": [],
      "text": "allow perm=open exe=/usr/lib64/ld-linux-x86-64.so.2 : path=/usr/lib64/libc.so.6"
    },
    {
      "decision": "allow",
      "perm": "open",
      "exe": "/usr/lib64/ld-linux-x86-64.so.2",
      "path": null,
      "dir": "/usr/lib/locale/en_US.utf8/",
      "replaced": [
        {
          "path": "/usr/lib/locale/en_US.utf8/LC_IDENTIFICATION"
        },
        {
          "path": "/usr/lib/locale/en_US.utf8/LC_MEASUREMENT"
        },
        {
          "path": "/usr/lib/locale/en_US.utf8/LC_TELEPHONE"
        },
        {
          "path": "/usr/lib/locale/en_US.utf8/LC_ADDRESS"
        },
        {
          "path": "/usr/lib/locale/en_US.utf8/LC_NAME"
        },
        {
          "path": "/usr/lib/locale/en_US.utf8/LC_PAPER"
        },
        {
          "path": "/usr/lib/locale/en_US.utf8/LC_MONETARY"
        },
        {
          "path": "/usr/lib/locale/en_US.utf8/LC_COLLATE"
        },
        {
          "path": "/usr/lib/locale/en_US.utf8/LC_TIME"
        },
        {
          "path": "/usr/lib/locale/en_US.utf8/LC_NUMERIC"
        }
      ],
      "text": "allow perm=open exe=/usr/lib64/ld-linux-x86-64.so.2 : dir=/usr/lib/locale/en_US.utf8/"
    },
    {
      "decision": "allow",
      "perm": "open",
      "exe": "/usr/lib64/ld-linux-x86-64.so.2",
      "path": "/usr/lib/locale/en_US.utf8/LC_MESSAGES/SYS_LC_MESSAGES",
      "dir": null,
      "replaced": [],
      "text": "allow perm=open exe=/usr/lib64/ld-linux-x86-64.so.2 : path=/usr/lib/locale/en_US.utf8/LC_MESSAGES/SYS_LC_MESSAGES"
    },
    {
      "decision": "allow",
      "perm": "open",
      "exe": "/usr/lib64/ld-linux-x86-64.so.2",
      "path": "/usr/lib/locale/C.utf8/LC_CTYPE",
      "dir": null,
      "replaced": [],
      "text": "allow perm=open exe=/usr/lib64/ld-linux-x86-64.so.2 : path=/usr/lib/locale/C.utf8/LC_CTYPE"
    }
  ]
}
--- stderr ---
--- trust --format json exit 0 ---
{
  "schema": 1,
  "action": "trust",
  "diagnostics": [
    {
      "line": null,
      "msg": "18 denial(s) need a rule, not a trust entry: run rulesteward fapolicyd rules on the same input"
    }
  ],
  "entries": [
    {
      "path": "/tmp/live/probe-grep",
      "commands": [
        "fapolicyd-cli --file add '/tmp/live/probe-grep'",
        "fapolicyd-cli --update"
      ]
    },
    {
      "path": "/tmp/live/probe-lib.so",
      "commands": [
        "fapolicyd-cli --file add '/tmp/live/probe-lib.so'",
        "fapolicyd-cli --update"
      ]
    },
    {
      "path": "/etc/ld.so.cache",
      "commands": [
        "fapolicyd-cli --file add '/etc/ld.so.cache'",
        "fapolicyd-cli --update"
      ]
    },
    {
      "path": "/usr/share/locale/locale.alias",
      "commands": [
        "fapolicyd-cli --file add '/usr/share/locale/locale.alias'",
        "fapolicyd-cli --update"
      ]
    },
    {
      "path": "/usr/lib64/gconv/gconv-modules.cache",
      "commands": [
        "fapolicyd-cli --file add '/usr/lib64/gconv/gconv-modules.cache'",
        "fapolicyd-cli --update"
      ]
    },
    {
      "path": "/etc/hostname",
      "commands": [
        "fapolicyd-cli --file add '/etc/hostname'",
        "fapolicyd-cli --update"
      ]
    }
  ]
}
--- stderr ---
