---
source: tests/golden_json.rs
expression: report
input_file: tests/fixtures/handwritten-not-denials.log
---
--- why --format json exit 0 ---
{
  "schema": 1,
  "action": "why",
  "diagnostics": [],
  "entries": []
}
--- stderr ---
--- rules --format json exit 0 ---
{
  "schema": 1,
  "action": "rules",
  "diagnostics": [],
  "entries": []
}
--- stderr ---
--- rules --dir-min 2 --format json exit 0 ---
{
  "schema": 1,
  "action": "rules",
  "diagnostics": [],
  "entries": []
}
--- stderr ---
--- trust --format json exit 0 ---
{
  "schema": 1,
  "action": "trust",
  "diagnostics": [],
  "entries": []
}
--- stderr ---
